[hack-clash-of-clans.com/index.html]
[backblue.gif]
[fade.gif]
[index.html]
[hack-clash-of-clans.com/wp-includes/js/jquery/jqueryc1d8.js]
[hack-clash-of-clans.com/wp-includes/js/jquery/jquery-migrate.min1576.js]
[hack-clash-of-clans.com/wp-content/themes/streamline-pro/js/responsive-menu8a54.js]
[hack-clash-of-clans.com/xmlrpc0db0.php]
[hack-clash-of-clans.com/wp-includes/wlwmanifest.xml]
[hack-clash-of-clans.com/wp-content/uploads/2014/02/cropped-clash-of-clans-hack-32x32.png]
[hack-clash-of-clans.com/wp-content/uploads/2014/02/cropped-clash-of-clans-hack-192x192.png]
[hack-clash-of-clans.com/wp-content/uploads/2014/02/cropped-clash-of-clans-hack-180x180.png]
[hack-clash-of-clans.com/wp-content/uploads/2015/12/Clash-of-Clans-Hack-Tool-For-PC-300x122.png]
[hack-clash-of-clans.com/wp-content/uploads/2015/12/Clash-of-Clans-Hack-Tool-For-Android-300x122.png]
[hack-clash-of-clans.com/wp-content/uploads/2015/12/Clash-of-Clans-Hack-Tool-For-iOS-Apple-300x122.png]
[hack-clash-of-clans.com/wp-content/uploads/2015/12/Clash-of-Clans-Hack.png]
[hack-clash-of-clans.com/wp-content/uploads/2015/12/new-clash-of-clans-hack-300x225.jpg]
[hack-clash-of-clans.com/wp-content/uploads/2015/12/working-clash-of-clans-hack-2015-1024x576.jpg]
[hack-clash-of-clans.com/wp-content/uploads/2015/12/updated-clash-of-clans-hack-2015-1024x576.jpg]
[code.jquery.com/jquery-1.9.1.js]
[hack-clash-of-clans.com/wp-content/uploads/2014/02/free-gems-for-Clash-of-Clans-hack-1024x384.png]
[hack-clash-of-clans.com/wp-content/uploads/2014/02/hack-clash-of-clans.com_.jpg]
[hack-clash-of-clans.com/wp-content/uploads/2014/02/hack-clash-of-clans.com_-300x200.jpg]
[hack-clash-of-clans.com/wp-content/uploads/2014/02/mzl.ahqjvquv.png]
[hack-clash-of-clans.com/wp-content/uploads/2014/02/mzl.ahqjvquv-300x200.png]
[hack-clash-of-clans.com/wp-content/uploads/2014/02/clash-of-clans-hack.png]
[hack-clash-of-clans.com/wp-content/uploads/2014/02/clash-of-clans-hack2.jpg]
[hack-clash-of-clans.com/wp-content/uploads/2014/02/clash-of-clans-hack2-289x300.jpg]
[hack-clash-of-clans.com/wp-content/uploads/2014/02/clash-of-clans-hacking.jpg]
[connect.facebook.net/en_GB/sdk.js]
[hack-clash-of-clans.com/index.html]
[hack-clash-of-clans.com/feed/index.html]
[hack-clash-of-clans.com/comments/feed/index.html]
[hack-clash-of-clans.com/wp-content/themes/streamline-pro/images/lines-diagonal.png]
[hack-clash-of-clans.com/wp-content/themes/streamline-pro/images/lines-vertical.png]
[hack-clash-of-clans.com/wp-content/themes/streamline-pro/fonts/streamline-icons.eot]
[hack-clash-of-clans.com/wp-content/themes/streamline-pro/fonts/streamline-icons.ttf]
[hack-clash-of-clans.com/wp-content/themes/streamline-pro/fonts/streamline-iconsd41d.eot]
[hack-clash-of-clans.com/wp-content/themes/streamline-pro/fonts/streamline-icons.woff]
[hack-clash-of-clans.com/wp-content/themes/streamline-pro/images/lines-vertical@2x.png]
[hack-clash-of-clans.com/wp-content/themes/streamline-pro/images/lines-diagonal@2x.png]
[hack-clash-of-clans.com/wp-content/themes/streamline-pro/style001e.css]
[hack-clash-of-clans.com/xmlrpc.php]
[hack-clash-of-clans.com/cochack2017/src/favicon.png]
[ajax.googleapis.com/ajax/libs/jquery/1.10.2/jquery.min.js]
[hack-clash-of-clans.com/cochack2017/src/clashofclanshacklogo.png]
[hack-clash-of-clans.com/cochack2017/src/diamonds1.png]
[hack-clash-of-clans.com/wp-content/uploads/2015/12/loading.gif]
[hack-clash-of-clans.com/cochack2017/src/standard.js]
[maxcdn.bootstrapcdn.com/bootstrap/3.3.5/js/bootstrap.min.js]
[hack-clash-of-clans.com/cochack2017/src/activation.js]
[hack-clash-of-clans.com/cochack2017/index.html]
[hack-clash-of-clans.com/author/admin/index.html]
[hack-clash-of-clans.com/clash-of-clans-hack-update-2015/index.html]
[hack-clash-of-clans.com/category/clash-of-clans-hack/index.html]
[hack-clash-of-clans.com/tag/clash-of-clans-free-gems/index.html]
[hack-clash-of-clans.com/tag/clash-of-clans-hack/index.html]
[hack-clash-of-clans.com/tag/clash-of-clans-hack-2015/index.html]
[hack-clash-of-clans.com/tag/clash-of-clans-hack-2016/index.html]
[hack-clash-of-clans.com/tag/clash-of-clans-hack-tool/index.html]
[hack-clash-of-clans.com/tag/clash-of-clans-hack-tool-2015/index.html]
[hack-clash-of-clans.com/tag/clash-of-clans-hack-tool-2016/index.html]
[hack-clash-of-clans.com/tag/working-clash-of-clans-hack/index.html]
[hack-clash-of-clans.com/clash-of-clans-hack-2014/index.html]
[hack-clash-of-clans.com/category/clash-of-clans-cheats/index.html]
[hack-clash-of-clans.com/category/hack-clash-of-clans/index.html]
[hack-clash-of-clans.com/tag/clash-of-clans-cheats/index.html]
[hack-clash-of-clans.com/tag/clash-of-clans-gems/index.html]
[hack-clash-of-clans.com/tag/clash-of-clans-gold/index.html]
[hack-clash-of-clans.com/hack-clash-clans-gems-generator/index.html]
[hack-clash-of-clans.com/category/free-gems/index.html]
[hack-clash-of-clans.com/tag/gems-generator/index.html]
[hack-clash-of-clans.com/tag/gems-generator-clash-of-clans/index.html]
[hack-clash-of-clans.com/tag/hack-clash-of-clans-2/index.html]
[hack-clash-of-clans.com/tag/hack-gems/index.html]
[connect.facebook.net/en_GB/sdk.js]
[hack-clash-of-clans.com/wp-login.html]
[hack-clash-of-clans.com/wp-content/themes/streamline-pro/fonts/streamline-icons.svg]
[hack-clash-of-clans.com/cochack2017/src/back1.jpg]
[hack-clash-of-clans.com/cochack2017/src/standard.css]
[hack-clash-of-clans.com/cochack2017/fonts/glyphicons-halflings-regular.eot]
[hack-clash-of-clans.com/cochack2017/fonts/glyphicons-halflings-regular.woff]
[hack-clash-of-clans.com/cochack2017/fonts/glyphicons-halflings-regular.ttf]
[hack-clash-of-clans.com/cochack2017/src/bootstrap.superhero.css]
[hack-clash-of-clans.com/cochack2017/src/css.css]
[hack-clash-of-clans.com/ABCDEFGHIJKLMNOPQRSTUVWXYZabcdefghijklmnopqrstuvwxyz0123456789+/index.html]
[hack-clash-of-clans.com/restserver.html]
[hack-clash-of-clans.com/dialog/index.html]
[hack-clash-of-clans.com/%s/profile4d6d.html]
[hack-clash-of-clans.com/wp-includes/css/buttons.min5d0b.css]
[hack-clash-of-clans.com/wp-includes/fonts/dashicons.eot]
[hack-clash-of-clans.com/wp-includes/css/dashicons.min5d0b.css]
[hack-clash-of-clans.com/wp-admin/images/loading.gif]
[hack-clash-of-clans.com/wp-admin/images/w-logo-blue7a53.png]
[hack-clash-of-clans.com/wp-admin/css/login.min5d0b.css]
[hack-clash-of-clans.com/wp-admin/index.html]
[hack-clash-of-clans.com/wp-loginc2b6.html]
[hack-clash-of-clans.com/cochack2017/fonts/glyphicons-halflings-regular-.html]
[hack-clash-of-clans.com/cochack2017/fonts/glyphicons-halflings-regular.html]
[hack-clash-of-clans.com/wp-admin/images/wordpress-logo7d6b.svg]
[hack-clash-of-clans.com/wp-login28d3.html]
[hack-clash-of-clans.com/wp-admin/&reauth=1.html]
